Microsoft (R) Macro Assembler Version 14.10.25019.0	    12/07/17 14:09:10
Main.asm						     Page 1 - 1


				; AddTwo.asm - adds two 32-bit integers.
				; Chapter 3 example

				INCLUDE Irvine32.inc
			      C ; Include file for Irvine32.lib             (Irvine32.inc)
			      C 
			      C ;OPTION CASEMAP:NONE		; optional: make identifiers case-sensitive
			      C 
			      C INCLUDE SmallWin.inc		; MS-Windows prototypes, structures, and constants
			      C .NOLIST
			      C .LIST
			      C 
			      C INCLUDE VirtualKeys.inc
			      C ; VirtualKeys.inc
			      C .NOLIST
			      C .LIST
			      C 
			      C 
			      C .NOLIST
			      C .LIST
			      C 

 00000000			.data
				;player hand values
 00000000  0000000E [		playerHand BYTE 14 DUP(?)
	    00
	   ]
 0000000E 00			cardsInPlayerHand BYTE 0
 0000000F 00000000		sumOfPlayerHand DWORD 0
 00000013 00			stayValue BYTE 0
 00000014 00000000		playerBust DWORD 0
 00000018 00000000		player21 DWORD 0
 0000001C 2D 2D 2D 2D 2D	playerHandIndicator BYTE "------Your Hand-----", 0ah, "sum:", 0h
	   2D 59 6F 75 72
	   20 48 61 6E 64
	   2D 2D 2D 2D 2D
	   0A 73 75 6D 3A
	   00

				;dealer hand values
 00000036  0000000E [		dealerHand BYTE 14 DUP(?), 1
	    00
	   ] 01
 00000045 00			cardsInDealerHand BYTE 0
 00000046 00000000		sumOfDealerHand DWORD 0
 0000004A 00000000		dealerBust DWORD 0
 0000004E 00000000		dealer21 DWORD 0
 00000052 2D 2D 2D 2D 2D	dealerHandIndicator BYTE "------Dealer's Hand------", 0ah, 0h
	   2D 44 65 61 6C
	   65 72 27 73 20
	   48 61 6E 64 2D
	   2D 2D 2D 2D 2D
	   0A 00

				;End Conditions
 0000006D 59 6F 75 20 57	winMessage BYTE "You WIN!!", 0ah, 0h
	   49 4E 21 21 0A
	   00
 00000078 59 6F 75 20 4C	loseMessage BYTE "You Lost....", 0ah, "Better luck next time.", 0ah, 0h
	   6F 73 74 2E 2E
	   2E 2E 0A 42 65
	   74 74 65 72 20
	   6C 75 63 6B 20
	   6E 65 78 74 20
	   74 69 6D 65 2E
	   0A 00
 0000009D 54 68 65 72 65	tieMessage BYTE "There is a push.", 0ah, 0h
	   20 69 73 20 61
	   20 70 75 73 68
	   2E 0A 00

				;User input values
 000000AF 57 6F 75 6C 64	whatToDo BYTE "Would you like to hit or stay?", 0ah, "Type 'hit' or 'stay' then press enter to submit.", 0ah, 0h
	   20 79 6F 75 20
	   6C 69 6B 65 20
	   74 6F 20 68 69
	   74 20 6F 72 20
	   73 74 61 79 3F
	   0A 54 79 70 65
	   20 27 68 69 74
	   27 20 6F 72 20
	   27 73 74 61 79
	   27 20 74 68 65
	   6E 20 70 72 65
	   73 73 20 65 6E
	   74 65 72 20 74
	   6F 20 73 75 62
	   6D 69 74 2E 0A
	   00
 00000100  00000005 [		input BYTE 5 DUP(?)
	    00
	   ]
 00000105 57 6F 75 6C 64	newGame BYTE "Would you like to play again?", 0ah, "Type 'yes' to continue or 'no' to end.", 0ah, 0h
	   20 79 6F 75 20
	   6C 69 6B 65 20
	   74 6F 20 70 6C
	   61 79 20 61 67
	   61 69 6E 3F 0A
	   54 79 70 65 20
	   27 79 65 73 27
	   20 74 6F 20 63
	   6F 6E 74 69 6E
	   75 65 20 6F 72
	   20 27 6E 6F 27
	   20 74 6F 20 65
	   6E 64 2E 0A 00



				;Cards displayed
 0000014B DA C4 C4 C4 C4	Back BYTE 0dah, 0c4h, 0c4h, 0c4h, 0c4h, 0c4h, 0c4h, 0c4h, 0c4h, 0c4h, 0c4h, 0bfh, 0ah,
	   C4 C4 C4 C4 C4
	   C4 BF 0A 7C 2E
	   2E 2E 2E 2E 2E
	   2E 2E 2E 2E 7C
	   0A 7C 2E 2E 2E
	   2E 2E 2E 2E 2E
	   2E 2E 7C 0A 7C
	   2E 2E 2E 2E 2E
	   2E 2E 2E 2E 2E
	   7C 0A 7C 2E 2E
	   2E 2E 2E 2E 2E
	   2E 2E 2E 7C 0A
	   7C 2E 2E 2E 2E
	   2E 2E 2E 2E 2E
	   2E 7C 0A C0 C4
	   C4 C4 C4 C4 C4
	   C4 C4 C4 C4 D9
	   0A 00
				"|..........|", 0ah,
				"|..........|", 0ah,
				"|..........|", 0ah,
				"|..........|", 0ah,
				"|..........|", 0ah,
				0c0h, 0c4h, 0c4h, 0c4h, 0c4h, 0c4h, 0c4h, 0c4h, 0c4h, 0c4h, 0c4h, 0d9h, 0ah, 0h
 000001A7 DA C4 C4 C4 C4	Ace BYTE 0dah, 0c4h, 0c4h, 0c4h, 0c4h, 0c4h, 0c4h, 0c4h, 0c4h, 0c4h, 0c4h, 0bfh, 0ah,
	   C4 C4 C4 C4 C4
	   C4 BF 0A 7C 41
	   2E 2E 2E 2E 2E
	   2E 2E 2E 2E 7C
	   0A 7C 2E 2E 2E
	   2E 2E 2E 2E 2E
	   2E 2E 7C 0A 7C
	   2E 2E 2E 2E 2E
	   2E 2E 2E 2E 2E
	   7C 0A 7C 2E 2E
	   2E 2E 2E 2E 2E
	   2E 2E 2E 7C 0A
	   7C 2E 2E 2E 2E
	   2E 2E 2E 2E 2E
	   41 7C 0A C0 C4
	   C4 C4 C4 C4 C4
	   C4 C4 C4 C4 D9
	   0A 00
				"|A.........|", 0ah,
				"|..........|", 0ah,
				"|..........|", 0ah,
				"|..........|", 0ah,
				"|.........A|", 0ah,
				0c0h, 0c4h, 0c4h, 0c4h, 0c4h, 0c4h, 0c4h, 0c4h, 0c4h, 0c4h, 0c4h, 0d9h, 0ah, 0h
 00000203 DA C4 C4 C4 C4	Two BYTE 0dah, 0c4h, 0c4h, 0c4h, 0c4h, 0c4h, 0c4h, 0c4h, 0c4h, 0c4h, 0c4h, 0bfh, 0ah,
	   C4 C4 C4 C4 C4
	   C4 BF 0A 7C 32
	   2E 2E 2E 2E 2E
	   2E 2E 2E 2E 7C
	   0A 7C 2E 2E 2E
	   2E 2E 2E 2E 2E
	   2E 2E 7C 0A 7C
	   2E 2E 2E 2E 2E
	   2E 2E 2E 2E 2E
	   7C 0A 7C 2E 2E
	   2E 2E 2E 2E 2E
	   2E 2E 2E 7C 0A
	   7C 2E 2E 2E 2E
	   2E 2E 2E 2E 2E
	   32 7C 0A C0 C4
	   C4 C4 C4 C4 C4
	   C4 C4 C4 C4 D9
	   0A 00
				"|2.........|", 0ah,
				"|..........|", 0ah,
				"|..........|", 0ah,
				"|..........|", 0ah,
				"|.........2|", 0ah,
				0c0h, 0c4h, 0c4h, 0c4h, 0c4h, 0c4h, 0c4h, 0c4h, 0c4h, 0c4h, 0c4h, 0d9h, 0ah, 0h
 0000025F DA C4 C4 C4 C4	Three BYTE 0dah, 0c4h, 0c4h, 0c4h, 0c4h, 0c4h, 0c4h, 0c4h, 0c4h, 0c4h, 0c4h, 0bfh, 0ah,
	   C4 C4 C4 C4 C4
	   C4 BF 0A 7C 33
	   2E 2E 2E 2E 2E
	   2E 2E 2E 2E 7C
	   0A 7C 2E 2E 2E
	   2E 2E 2E 2E 2E
	   2E 2E 7C 0A 7C
	   2E 2E 2E 2E 2E
	   2E 2E 2E 2E 2E
	   7C 0A 7C 2E 2E
	   2E 2E 2E 2E 2E
	   2E 2E 2E 7C 0A
	   7C 2E 2E 2E 2E
	   2E 2E 2E 2E 2E
	   33 7C 0A C0 C4
	   C4 C4 C4 C4 C4
	   C4 C4 C4 C4 D9
	   0A 00
				"|3.........|", 0ah,
				"|..........|", 0ah,
				"|..........|", 0ah,
				"|..........|", 0ah,
				"|.........3|", 0ah,
				0c0h, 0c4h, 0c4h, 0c4h, 0c4h, 0c4h, 0c4h, 0c4h, 0c4h, 0c4h, 0c4h, 0d9h, 0ah, 0h
 000002BB DA C4 C4 C4 C4	Four BYTE 0dah, 0c4h, 0c4h, 0c4h, 0c4h, 0c4h, 0c4h, 0c4h, 0c4h, 0c4h, 0c4h, 0bfh, 0ah,
	   C4 C4 C4 C4 C4
	   C4 BF 0A 7C 34
	   2E 2E 2E 2E 2E
	   2E 2E 2E 2E 7C
	   0A 7C 2E 2E 2E
	   2E 2E 2E 2E 2E
	   2E 2E 7C 0A 7C
	   2E 2E 2E 2E 2E
	   2E 2E 2E 2E 2E
	   7C 0A 7C 2E 2E
	   2E 2E 2E 2E 2E
	   2E 2E 2E 7C 0A
	   7C 2E 2E 2E 2E
	   2E 2E 2E 2E 2E
	   34 7C 0A C0 C4
	   C4 C4 C4 C4 C4
	   C4 C4 C4 C4 D9
	   0A 00
				"|4.........|", 0ah,
				"|..........|", 0ah,
				"|..........|", 0ah,
				"|..........|", 0ah,
				"|.........4|", 0ah,
				0c0h, 0c4h, 0c4h, 0c4h, 0c4h, 0c4h, 0c4h, 0c4h, 0c4h, 0c4h, 0c4h, 0d9h, 0ah, 0h
 00000317 DA C4 C4 C4 C4	Five BYTE 0dah, 0c4h, 0c4h, 0c4h, 0c4h, 0c4h, 0c4h, 0c4h, 0c4h, 0c4h, 0c4h, 0bfh, 0ah,
	   C4 C4 C4 C4 C4
	   C4 BF 0A 7C 35
	   2E 2E 2E 2E 2E
	   2E 2E 2E 2E 7C
	   0A 7C 2E 2E 2E
	   2E 2E 2E 2E 2E
	   2E 2E 7C 0A 7C
	   2E 2E 2E 2E 2E
	   2E 2E 2E 2E 2E
	   7C 0A 7C 2E 2E
	   2E 2E 2E 2E 2E
	   2E 2E 2E 7C 0A
	   7C 2E 2E 2E 2E
	   2E 2E 2E 2E 2E
	   35 7C 0A C0 C4
	   C4 C4 C4 C4 C4
	   C4 C4 C4 C4 D9
	   0A 00
				"|5.........|", 0ah,
				"|..........|", 0ah,
				"|..........|", 0ah,
				"|..........|", 0ah,
				"|.........5|", 0ah,
				0c0h, 0c4h, 0c4h, 0c4h, 0c4h, 0c4h, 0c4h, 0c4h, 0c4h, 0c4h, 0c4h, 0d9h, 0ah, 0h
 00000373 DA C4 C4 C4 C4	Six  BYTE 0dah, 0c4h, 0c4h, 0c4h, 0c4h, 0c4h, 0c4h, 0c4h, 0c4h, 0c4h, 0c4h, 0bfh, 0ah,
	   C4 C4 C4 C4 C4
	   C4 BF 0A 7C 36
	   2E 2E 2E 2E 2E
	   2E 2E 2E 2E 7C
	   0A 7C 2E 2E 2E
	   2E 2E 2E 2E 2E
	   2E 2E 7C 0A 7C
	   2E 2E 2E 2E 2E
	   2E 2E 2E 2E 2E
	   7C 0A 7C 2E 2E
	   2E 2E 2E 2E 2E
	   2E 2E 2E 7C 0A
	   7C 2E 2E 2E 2E
	   2E 2E 2E 2E 2E
	   36 7C 0A C0 C4
	   C4 C4 C4 C4 C4
	   C4 C4 C4 C4 D9
	   0A 00
				"|6.........|", 0ah,
				"|..........|", 0ah,
				"|..........|", 0ah,
				"|..........|", 0ah,
				"|.........6|", 0ah,
				0c0h, 0c4h, 0c4h, 0c4h, 0c4h, 0c4h, 0c4h, 0c4h, 0c4h, 0c4h, 0c4h, 0d9h, 0ah, 0h
 000003CF DA C4 C4 C4 C4	Seven BYTE 0dah, 0c4h, 0c4h, 0c4h, 0c4h, 0c4h, 0c4h, 0c4h, 0c4h, 0c4h, 0c4h, 0bfh, 0ah,
	   C4 C4 C4 C4 C4
	   C4 BF 0A 7C 37
	   2E 2E 2E 2E 2E
	   2E 2E 2E 2E 7C
	   0A 7C 2E 2E 2E
	   2E 2E 2E 2E 2E
	   2E 2E 7C 0A 7C
	   2E 2E 2E 2E 2E
	   2E 2E 2E 2E 2E
	   7C 0A 7C 2E 2E
	   2E 2E 2E 2E 2E
	   2E 2E 2E 7C 0A
	   7C 2E 2E 2E 2E
	   2E 2E 2E 2E 2E
	   37 7C 0A C0 C4
	   C4 C4 C4 C4 C4
	   C4 C4 C4 C4 D9
	   0A 00
				"|7.........|", 0ah,
				"|..........|", 0ah,
				"|..........|", 0ah,
				"|..........|", 0ah,
				"|.........7|", 0ah,
				0c0h, 0c4h, 0c4h, 0c4h, 0c4h, 0c4h, 0c4h, 0c4h, 0c4h, 0c4h, 0c4h, 0d9h, 0ah, 0h
 0000042B DA C4 C4 C4 C4	Eight BYTE 0dah, 0c4h, 0c4h, 0c4h, 0c4h, 0c4h, 0c4h, 0c4h, 0c4h, 0c4h, 0c4h, 0bfh, 0ah,
	   C4 C4 C4 C4 C4
	   C4 BF 0A 7C 38
	   2E 2E 2E 2E 2E
	   2E 2E 2E 2E 7C
	   0A 7C 2E 2E 2E
	   2E 2E 2E 2E 2E
	   2E 2E 7C 0A 7C
	   2E 2E 2E 2E 2E
	   2E 2E 2E 2E 2E
	   7C 0A 7C 2E 2E
	   2E 2E 2E 2E 2E
	   2E 2E 2E 7C 0A
	   7C 2E 2E 2E 2E
	   2E 2E 2E 2E 2E
	   38 7C 0A C0 C4
	   C4 C4 C4 C4 C4
	   C4 C4 C4 C4 D9
	   0A 00
				"|8.........|", 0ah,
				"|..........|", 0ah,
				"|..........|", 0ah,
				"|..........|", 0ah,
				"|.........8|", 0ah,
				0c0h, 0c4h, 0c4h, 0c4h, 0c4h, 0c4h, 0c4h, 0c4h, 0c4h, 0c4h, 0c4h, 0d9h, 0ah, 0h
 00000487 DA C4 C4 C4 C4	Nine BYTE 0dah, 0c4h, 0c4h, 0c4h, 0c4h, 0c4h, 0c4h, 0c4h, 0c4h, 0c4h, 0c4h, 0bfh, 0ah,
	   C4 C4 C4 C4 C4
	   C4 BF 0A 7C 39
	   2E 2E 2E 2E 2E
	   2E 2E 2E 2E 7C
	   0A 7C 2E 2E 2E
	   2E 2E 2E 2E 2E
	   2E 2E 7C 0A 7C
	   2E 2E 2E 2E 2E
	   2E 2E 2E 2E 2E
	   7C 0A 7C 2E 2E
	   2E 2E 2E 2E 2E
	   2E 2E 2E 7C 0A
	   7C 2E 2E 2E 2E
	   2E 2E 2E 2E 2E
	   39 7C 0A C0 C4
	   C4 C4 C4 C4 C4
	   C4 C4 C4 C4 D9
	   0A 00
				"|9.........|", 0ah,
				"|..........|", 0ah,
				"|..........|", 0ah,
				"|..........|", 0ah,
				"|.........9|", 0ah,
				0c0h, 0c4h, 0c4h, 0c4h, 0c4h, 0c4h, 0c4h, 0c4h, 0c4h, 0c4h, 0c4h, 0d9h, 0ah, 0h
 000004E3 DA C4 C4 C4 C4	Ten BYTE 0dah, 0c4h, 0c4h, 0c4h, 0c4h, 0c4h, 0c4h, 0c4h, 0c4h, 0c4h, 0c4h, 0bfh, 0ah,
	   C4 C4 C4 C4 C4
	   C4 BF 0A 7C 31
	   30 2E 2E 2E 2E
	   2E 2E 2E 2E 7C
	   0A 7C 2E 2E 2E
	   2E 2E 2E 2E 2E
	   2E 2E 7C 0A 7C
	   2E 2E 2E 2E 2E
	   2E 2E 2E 2E 2E
	   7C 0A 7C 2E 2E
	   2E 2E 2E 2E 2E
	   2E 2E 2E 7C 0A
	   7C 2E 2E 2E 2E
	   2E 2E 2E 2E 31
	   30 7C 0A C0 C4
	   C4 C4 C4 C4 C4
	   C4 C4 C4 C4 D9
	   0A 00
				"|10........|", 0ah,
				"|..........|", 0ah,
				"|..........|", 0ah,
				"|..........|", 0ah,
				"|........10|", 0ah,
				0c0h, 0c4h, 0c4h, 0c4h, 0c4h, 0c4h, 0c4h, 0c4h, 0c4h, 0c4h, 0c4h, 0d9h, 0ah, 0h
 0000053F DA C4 C4 C4 C4	Jack BYTE 0dah, 0c4h, 0c4h, 0c4h, 0c4h, 0c4h, 0c4h, 0c4h, 0c4h, 0c4h, 0c4h, 0bfh, 0ah,
	   C4 C4 C4 C4 C4
	   C4 BF 0A 7C 4A
	   2E 2E 2E 2E 2E
	   2E 2E 2E 2E 7C
	   0A 7C 2E 2E 2E
	   2E 2E 2E 2E 2E
	   2E 2E 7C 0A 7C
	   2E 2E 2E 2E 2E
	   2E 2E 2E 2E 2E
	   7C 0A 7C 2E 2E
	   2E 2E 2E 2E 2E
	   2E 2E 2E 7C 0A
	   7C 2E 2E 2E 2E
	   2E 2E 2E 2E 2E
	   4A 7C 0A C0 C4
	   C4 C4 C4 C4 C4
	   C4 C4 C4 C4 D9
	   0A 00
				"|J.........|", 0ah,
				"|..........|", 0ah,
				"|..........|", 0ah,
				"|..........|", 0ah,
				"|.........J|", 0ah,
				0c0h, 0c4h, 0c4h, 0c4h, 0c4h, 0c4h, 0c4h, 0c4h, 0c4h, 0c4h, 0c4h, 0d9h, 0ah, 0h
 0000059B DA C4 C4 C4 C4	Queen BYTE 0dah, 0c4h, 0c4h, 0c4h, 0c4h, 0c4h, 0c4h, 0c4h, 0c4h, 0c4h, 0c4h, 0bfh, 0ah,
	   C4 C4 C4 C4 C4
	   C4 BF 0A 7C 51
	   2E 2E 2E 2E 2E
	   2E 2E 2E 2E 7C
	   0A 7C 2E 2E 2E
	   2E 2E 2E 2E 2E
	   2E 2E 7C 0A 7C
	   2E 2E 2E 2E 2E
	   2E 2E 2E 2E 2E
	   7C 0A 7C 2E 2E
	   2E 2E 2E 2E 2E
	   2E 2E 2E 7C 0A
	   7C 2E 2E 2E 2E
	   2E 2E 2E 2E 2E
	   51 7C 0A C0 C4
	   C4 C4 C4 C4 C4
	   C4 C4 C4 C4 D9
	   0A 00
				"|Q.........|", 0ah,
				"|..........|", 0ah,
				"|..........|", 0ah,
				"|..........|", 0ah,
				"|.........Q|", 0ah,
				0c0h, 0c4h, 0c4h, 0c4h, 0c4h, 0c4h, 0c4h, 0c4h, 0c4h, 0c4h, 0c4h, 0d9h, 0ah, 0h
 000005F7 DA C4 C4 C4 C4	King BYTE 0dah, 0c4h, 0c4h, 0c4h, 0c4h, 0c4h, 0c4h, 0c4h, 0c4h, 0c4h, 0c4h, 0bfh, 0ah,
	   C4 C4 C4 C4 C4
	   C4 BF 0A 7C 4B
	   2E 2E 2E 2E 2E
	   2E 2E 2E 2E 7C
	   0A 7C 2E 2E 2E
	   2E 2E 2E 2E 2E
	   2E 2E 7C 0A 7C
	   2E 2E 2E 2E 2E
	   2E 2E 2E 2E 2E
	   7C 0A 7C 2E 2E
	   2E 2E 2E 2E 2E
	   2E 2E 2E 7C 0A
	   7C 2E 2E 2E 2E
	   2E 2E 2E 2E 2E
	   4B 7C 0A C0 C4
	   C4 C4 C4 C4 C4
	   C4 C4 C4 C4 D9
	   0A 00
				"|K.........|", 0ah,
				"|..........|", 0ah,
				"|..........|", 0ah,
				"|..........|", 0ah,
				"|.........K|", 0ah,
				0c0h, 0c4h, 0c4h, 0c4h, 0c4h, 0c4h, 0c4h, 0c4h, 0c4h, 0c4h, 0c4h, 0d9h, 0ah, 0h


 00000000			.code
 00000000			displayPlayerHand proc
 00000000  BA 0000001C R		mov edx, OFFSET playerHandIndicator
 00000005  E8 00000000 E		call WriteString ;Title hand
 0000000A  A1 0000000F R		mov eax, sumOfPlayerHand
 0000000F  E8 00000000 E		call WriteInt
 00000014  E8 00000000 E		call CrLf
 00000019  B9 0000000E			mov ecx, LENGTHOF playerHand ;set loop number for number of cards in hand
 0000001E  49				dec ecx ;decrease ecx bacause array starts with 0 not 1
 0000001F				L1: ;loop through all cards
 0000001F  8A 81 00000000 R			mov al, [playerHand + ecx] ;move current card value to al for comparison

						;compare al to all possible values and jump to corrasponding section
 00000025  3C 00				cmp al, 0 ;compare if memory location doesn't hold a card
 00000027  74 60				je emptyCard
 00000029  3C 02				cmp al, 2
 0000002B  74 68				je cardTwo
 0000002D  3C 03				cmp al, 3
 0000002F  74 7E				je cardThree
 00000031  3C 04				cmp al, 4
 00000033  0F 84 00000090			je cardFour
 00000039  3C 05				cmp al, 5
 0000003B  0F 84 000000A2			je cardFive
 00000041  3C 06				cmp al, 6
 00000043  0F 84 000000B4			je cardSix
 00000049  3C 07				cmp al, 7
 0000004B  0F 84 000000C6			je cardSeven
 00000051  3C 08				cmp al, 8
 00000053  0F 84 000000D8			je cardEight
 00000059  3C 09				cmp al, 9
 0000005B  0F 84 000000EA			je cardNine
 00000061  3C 0A				cmp al, 10
 00000063  0F 84 000000F8			je cardTen
 00000069  3C 0B				cmp al, 11
 0000006B  0F 84 00000106			je cardJack
 00000071  3C 0C				cmp al, 12
 00000073  0F 84 00000114			je cardQueen
 00000079  3C 0D				cmp al, 13
 0000007B  0F 84 00000122			je cardKing
 00000081  3C 0E				cmp al, 14
 00000083  0F 84 00000130			je cardAce

						;move offset of correct value to edx.
						;Call Irvine WriteString
						;decrament edx and if edx greater than or equal zero jump to top for next card
						;if edx is less than zero jump to Return
 00000089					emptyCard:
 00000089  49						dec ecx
 0000008A  83 F9 00					cmp ecx, 0
 0000008D  7D 90					jge L1
 0000008F  0F 8E 0000013A				jng Return
 00000095					cardTwo:
 00000095  BA 00000203 R				mov edx, OFFSET Two
 0000009A  E8 00000000 E				call WriteString
 0000009F  49						dec ecx
 000000A0  83 F9 00					cmp ecx, 0
 000000A3  0F 8D FFFFFF76				jge L1
 000000A9  0F 8E 00000120				jng Return
 000000AF					cardThree:
 000000AF  BA 0000025F R				mov edx, OFFSET Three
 000000B4  E8 00000000 E				call WriteString
 000000B9  49						dec ecx
 000000BA  83 F9 00					cmp ecx, 0
 000000BD  0F 8D FFFFFF5C				jge L1
 000000C3  0F 8E 00000106				jng Return
 000000C9					cardFour:
 000000C9  BA 000002BB R				mov edx, OFFSET Four
 000000CE  E8 00000000 E				call WriteString
 000000D3  49						dec ecx 
 000000D4  83 F9 00					cmp ecx, 0
 000000D7  0F 8D FFFFFF42				jge L1
 000000DD  0F 8E 000000EC				jng Return
 000000E3					cardFive:
 000000E3  BA 00000317 R				mov edx, OFFSET Five
 000000E8  E8 00000000 E				call WriteString
 000000ED  49						dec ecx 
 000000EE  83 F9 00					cmp ecx, 0
 000000F1  0F 8D FFFFFF28				jge L1
 000000F7  0F 8E 000000D2				jng Return
 000000FD					cardSix:
 000000FD  BA 00000373 R				mov edx, OFFSET Six
 00000102  E8 00000000 E				call WriteString
 00000107  49						dec ecx 
 00000108  83 F9 00					cmp ecx, 0
 0000010B  0F 8D FFFFFF0E				jge L1
 00000111  0F 8E 000000B8				jng Return
 00000117					cardSeven:
 00000117  BA 000003CF R				mov edx, OFFSET Seven
 0000011C  E8 00000000 E				call WriteString
 00000121  49						dec ecx 
 00000122  83 F9 00					cmp ecx, 0
 00000125  0F 8D FFFFFEF4				jge L1
 0000012B  0F 8E 0000009E				jng Return
 00000131					cardEight:
 00000131  BA 0000042B R				mov edx, OFFSET Eight
 00000136  E8 00000000 E				call WriteString
 0000013B  49						dec ecx 
 0000013C  83 F9 00					cmp ecx, 0
 0000013F  0F 8D FFFFFEDA				jge L1
 00000145  0F 8E 00000084				jng Return
 0000014B					cardNine:
 0000014B  BA 00000487 R				mov edx, OFFSET Nine
 00000150  E8 00000000 E				call WriteString
 00000155  49						dec ecx 
 00000156  83 F9 00					cmp ecx, 0
 00000159  0F 8D FFFFFEC0				jge L1
 0000015F  7E 6E					jng Return
 00000161					cardTen:
 00000161  BA 000004E3 R				mov edx, OFFSET Ten
 00000166  E8 00000000 E				call WriteString
 0000016B  49						dec ecx 
 0000016C  83 F9 00					cmp ecx, 0
 0000016F  0F 8D FFFFFEAA				jge L1
 00000175  7E 58					jng Return
 00000177					cardJack:
 00000177  BA 0000053F R				mov edx, OFFSET Jack
 0000017C  E8 00000000 E				call WriteString
 00000181  49						dec ecx 
 00000182  83 F9 00					cmp ecx, 0
 00000185  0F 8D FFFFFE94				jge L1
 0000018B  7E 42					jng Return
 0000018D					cardQueen:
 0000018D  BA 0000059B R				mov edx, OFFSET Queen
 00000192  E8 00000000 E				call WriteString
 00000197  49						dec ecx 
 00000198  83 F9 00					cmp ecx, 0
 0000019B  0F 8D FFFFFE7E				jge L1
 000001A1  7E 2C					jng Return
 000001A3					cardKing:
 000001A3  BA 000005F7 R				mov edx, OFFSET King
 000001A8  E8 00000000 E				call WriteString
 000001AD  49						dec ecx 
 000001AE  83 F9 00					cmp ecx, 0
 000001B1  0F 8D FFFFFE68				jge L1
 000001B7  7E 16					jng Return
 000001B9					cardAce:
 000001B9  BA 000001A7 R				mov edx, OFFSET Ace
 000001BE  E8 00000000 E				call WriteString
 000001C3  49						dec ecx 
 000001C4  83 F9 00					cmp ecx, 0
 000001C7  0F 8D FFFFFE52				jge L1
 000001CD  7E 00					jng Return
 000001CF				Return:	;end of drawing all cards in hand
 000001CF  E8 00000000 E			call CRLF
 000001D4  C3					ret
 000001D5			displayPlayerHand endp

 000001D5			displayDealerHand proc
 000001D5  BA 00000052 R		mov edx, OFFSET dealerHandIndicator
 000001DA  E8 00000000 E		call WriteString ;Title hand
 000001DF  A1 00000046 R		mov eax, sumOfDealerHand
 000001E4  E8 00000000 E		call WriteInt
 000001E9  E8 00000000 E		call CrLf
 000001EE  B9 0000000F			mov ecx, LENGTHOF dealerHand ;set loop number for number of cards in hand
 000001F3  49				dec ecx ;decrease ecx bacause array starts with 0 not 1
 000001F4				L1: ;loop through all cards
 000001F4  8A 81 00000036 R			mov al, [dealerHand + ecx] ;move current card value to al for comparison

						;compare al to all possible values and jump to corrasponding section
 000001FA  3C 00				cmp al, 0 ;compare if memory location doesn't hold a card
 000001FC  74 6C				je emptyCard
 000001FE  3C 01				cmp al, 1
 00000200  74 74				je backCard
 00000202  3C 02				cmp al, 2
 00000204  0F 84 00000086			je cardTwo
 0000020A  3C 03				cmp al, 3
 0000020C  0F 84 00000098			je cardThree
 00000212  3C 04				cmp al, 4
 00000214  0F 84 000000AA			je cardFour
 0000021A  3C 05				cmp al, 5
 0000021C  0F 84 000000BC			je cardFive
 00000222  3C 06				cmp al, 6
 00000224  0F 84 000000CE			je cardSix
 0000022A  3C 07				cmp al, 7
 0000022C  0F 84 000000E0			je cardSeven
 00000232  3C 08				cmp al, 8
 00000234  0F 84 000000F2			je cardEight
 0000023A  3C 09				cmp al, 9
 0000023C  0F 84 00000104			je cardNine
 00000242  3C 0A				cmp al, 10
 00000244  0F 84 00000112			je cardTen
 0000024A  3C 0B				cmp al, 11
 0000024C  0F 84 00000120			je cardJack
 00000252  3C 0C				cmp al, 12
 00000254  0F 84 0000012E			je cardQueen
 0000025A  3C 0D				cmp al, 13
 0000025C  0F 84 0000013C			je cardKing
 00000262  3C 0E				cmp al, 14
 00000264  0F 84 0000014A			je cardAce

						;move offset of correct value to edx.
						;Call Irvine WriteString
						;decrament edx and if edx greater than or equal zero jump to top for next card
						;if edx is less than zero jump to Return
 0000026A					emptyCard:
 0000026A  49						dec ecx
 0000026B  83 F9 01					cmp ecx, 1
 0000026E  7D 84					jge L1
 00000270  0F 8E 00000154				jng Return
 00000276					backCard:
 00000276  BA 0000014B R				mov edx, OFFSET Back
 0000027B  E8 00000000 E				call WriteString
 00000280  49						dec ecx
 00000281  83 F9 01					cmp ecx, 1
 00000284  0F 8D FFFFFF6A				jge L1
 0000028A  0F 8E 0000013A				jng Return
 00000290					cardTwo:
 00000290  BA 00000203 R				mov edx, OFFSET Two
 00000295  E8 00000000 E				call WriteString
 0000029A  49						dec ecx
 0000029B  83 F9 01					cmp ecx, 1
 0000029E  0F 8D FFFFFF50				jge L1
 000002A4  0F 8E 00000120				jng Return
 000002AA					cardThree:
 000002AA  BA 0000025F R				mov edx, OFFSET Three
 000002AF  E8 00000000 E				call WriteString
 000002B4  49						dec ecx
 000002B5  83 F9 01					cmp ecx, 1
 000002B8  0F 8D FFFFFF36				jge L1
 000002BE  0F 8E 00000106				jng Return
 000002C4					cardFour:
 000002C4  BA 000002BB R				mov edx, OFFSET Four
 000002C9  E8 00000000 E				call WriteString
 000002CE  49						dec ecx 
 000002CF  83 F9 01					cmp ecx, 1
 000002D2  0F 8D FFFFFF1C				jge L1
 000002D8  0F 8E 000000EC				jng Return
 000002DE					cardFive:
 000002DE  BA 00000317 R				mov edx, OFFSET Five
 000002E3  E8 00000000 E				call WriteString
 000002E8  49						dec ecx 
 000002E9  83 F9 01					cmp ecx, 1
 000002EC  0F 8D FFFFFF02				jge L1
 000002F2  0F 8E 000000D2				jng Return
 000002F8					cardSix:
 000002F8  BA 00000373 R				mov edx, OFFSET Six
 000002FD  E8 00000000 E				call WriteString
 00000302  49						dec ecx 
 00000303  83 F9 01					cmp ecx, 1
 00000306  0F 8D FFFFFEE8				jge L1
 0000030C  0F 8E 000000B8				jng Return
 00000312					cardSeven:
 00000312  BA 000003CF R				mov edx, OFFSET Seven
 00000317  E8 00000000 E				call WriteString
 0000031C  49						dec ecx 
 0000031D  83 F9 01					cmp ecx, 1
 00000320  0F 8D FFFFFECE				jge L1
 00000326  0F 8E 0000009E				jng Return
 0000032C					cardEight:
 0000032C  BA 0000042B R				mov edx, OFFSET Eight
 00000331  E8 00000000 E				call WriteString
 00000336  49						dec ecx 
 00000337  83 F9 01					cmp ecx, 1
 0000033A  0F 8D FFFFFEB4				jge L1
 00000340  0F 8E 00000084				jng Return
 00000346					cardNine:
 00000346  BA 00000487 R				mov edx, OFFSET Nine
 0000034B  E8 00000000 E				call WriteString
 00000350  49						dec ecx 
 00000351  83 F9 01					cmp ecx, 1
 00000354  0F 8D FFFFFE9A				jge L1
 0000035A  7E 6E					jng Return
 0000035C					cardTen:
 0000035C  BA 000004E3 R				mov edx, OFFSET Ten
 00000361  E8 00000000 E				call WriteString
 00000366  49						dec ecx 
 00000367  83 F9 01					cmp ecx, 1
 0000036A  0F 8D FFFFFE84				jge L1
 00000370  7E 58					jng Return
 00000372					cardJack:
 00000372  BA 0000053F R				mov edx, OFFSET Jack
 00000377  E8 00000000 E				call WriteString
 0000037C  49						dec ecx 
 0000037D  83 F9 01					cmp ecx, 1
 00000380  0F 8D FFFFFE6E				jge L1
 00000386  7E 42					jng Return
 00000388					cardQueen:
 00000388  BA 0000059B R				mov edx, OFFSET Queen
 0000038D  E8 00000000 E				call WriteString
 00000392  49						dec ecx 
 00000393  83 F9 01					cmp ecx, 1
 00000396  0F 8D FFFFFE58				jge L1
 0000039C  7E 2C					jng Return
 0000039E					cardKing:
 0000039E  BA 000005F7 R				mov edx, OFFSET King
 000003A3  E8 00000000 E				call WriteString
 000003A8  49						dec ecx 
 000003A9  83 F9 01					cmp ecx, 1
 000003AC  0F 8D FFFFFE42				jge L1
 000003B2  7E 16					jng Return
 000003B4					cardAce:
 000003B4  BA 000001A7 R				mov edx, OFFSET Ace
 000003B9  E8 00000000 E				call WriteString
 000003BE  49						dec ecx 
 000003BF  83 F9 01					cmp ecx, 1
 000003C2  0F 8D FFFFFE2C				jge L1
 000003C8  7E 00					jng Return
 000003CA				Return:	;end of drawing all cards in hand
 000003CA  E8 00000000 E			call CRLF
 000003CF  C3					ret
 000003D0			displayDealerHand endp

 000003D0			addCardPlayer proc
 000003D0  B8 0000000D			mov eax, 13 ;get range for RandomRange 
 000003D5  E8 00000000 E		call RandomRange
 000003DA  83 C0 02			add eax, 2 ;get range 2-14
 000003DD  0F B6 1D			movzx ebx, cardsInPlayerHand ;counter for cards in hand
	   0000000E R
 000003E4  88 83 00000000 R		mov [playerHand + ebx], al ;create new value in next empty space in playerHand
 000003EA  43				inc ebx
 000003EB  88 1D 0000000E R		mov cardsInPlayerHand, bl ;update card counter

 000003F1  83 F8 0A			cmp eax, 10 ;compare to determine if facecard
 000003F4  7F 0F			jg faceCard

					;numbered cards
 000003F6  8B 1D 0000000F R		mov ebx, sumOfPlayerHand ;copy sum to ebx
 000003FC  03 C3			add eax, ebx ;add new card to sum
 000003FE  A3 0000000F R		mov sumOfPlayerHand, eax ;move new sum to memory
 00000403  EB 11			jmp checkBust

 00000405				faceCard:
 00000405  8B 1D 0000000F R			mov ebx, sumOfPlayerHand
 0000040B  83 C3 0A				add ebx, 10
 0000040E  89 1D 0000000F R			mov sumOfPlayerHand, ebx
 00000414  EB 00				jmp checkBust

 00000416				checkBust:
 00000416  B8 00000000				mov eax, 0
 0000041B  BB 00000001				mov ebx, 1
 00000420  83 3D 0000000F R			cmp sumOfPlayerHand, 21
	   15
 00000427  66| 0F 47 C3				cmova ax, bx
 0000042B  A3 00000014 R			mov playerBust, eax
 00000430  66| 0F 44 C3				cmove ax, bx
 00000434  A3 00000018 R			mov player21, eax
 00000439  C3					ret
						

 0000043A			addCardPlayer endp

 0000043A			addCardDealer proc
 0000043A  B8 00000000			mov eax, 0
 0000043F  BB 00000000			mov ebx, 0
 00000444  B8 0000000C			mov eax, 12 ;get range for RandomRange 
 00000449  E8 00000000 E		call RandomRange
 0000044E  83 C0 02			add eax, 2 ;get range 2-14
 00000451  0F B6 1D			movzx ebx, cardsInDealerHand ;counter for cards in hand
	   00000045 R
 00000458  88 83 00000036 R		mov [dealerHand + ebx], al ;create new value in next empty space in dealer hand
 0000045E  43				inc ebx
 0000045F  88 1D 00000045 R		mov cardsInDealerHand, bl ;update card counter

 00000465  83 F8 0A			cmp eax, 10 ;compare to determine if facecard
 00000468  7F 0F			jg faceCard

					;numbered cards
 0000046A  8B 1D 00000046 R		mov ebx, sumOfDealerHand ;copy sum to ebx
 00000470  03 C3			add eax, ebx ;add new card to sum
 00000472  A3 00000046 R		mov sumOfDealerHand, eax ;move new sum to memory
 00000477  EB 11			jmp checkBust

 00000479				faceCard:
 00000479  8B 1D 00000046 R			mov ebx, sumOfDealerHand
 0000047F  83 C3 0A				add ebx, 10
 00000482  89 1D 00000046 R			mov sumOfDealerHand, ebx
 00000488  EB 00				jmp checkBust

 0000048A				checkBust:
 0000048A  B8 00000000				mov eax, 0
 0000048F  BB 00000001				mov ebx, 1
 00000494  83 3D 00000046 R			cmp sumOfDealerHand, 21
	   15
 0000049B  66| 0F 47 C3				cmova ax, bx
 0000049F  A3 0000004A R			mov dealerBust, eax
 000004A4  66| 0F 44 C3				cmove ax, bx
 000004A8  A3 0000004E R			mov dealer21, eax
 000004AD  C3					ret
 000004AE			addCardDealer endp

 000004AE			dealing proc
 000004AE  E8 FFFFFF87			call addCardDealer ;deal one card to dealer
 000004B3  E8 FFFFFF82			call addCardDealer ;deal one card to dealer
 000004B8  E8 FFFFFD18			call displayDealerHand ;display dealer hand
 000004BD  E8 FFFFFF0E			call addCardPlayer ;deal one card to player
 000004C2  E8 FFFFFF09			call addCardPlayer ;deal one card to player
 000004C7  E8 FFFFFB34			call displayPlayerHand ;show player their hand
 000004CC  C3				ret
 000004CD			dealing endp

 000004CD			getUserInput proc 
 000004CD  BA 000000AF R		mov edx, OFFSET whatToDo ;display instructions for player
 000004D2  E8 00000000 E		call WriteString
 000004D7  BA 00000100 R		mov edx, OFFSET input ;load buffer parameter
 000004DC  B9 00000005			mov ecx, SIZEOF input ;load max character parameter
 000004E1  E8 00000000 E		call ReadString ; call Irvine procedure user input stored in 'input'

 000004E6  83 F8 03			cmp eax, 3 ;eax contains length of input string compare with 3(hit)
 000004E9  74 08			je hit

					;stay
 000004EB  C6 05 00000013 R		mov stayValue, 1
	   01
 000004F2  C3				ret

 000004F3				hit:;hit
 000004F3  E8 FFFFFED8				call addCardPlayer ;player hits so give them card and display hand
 000004F8  E8 FFFFFB03				call displayPlayerHand
 000004FD  C3					ret
					
 000004FE			getUserInput endp
					

 000004FE			main proc
 000004FE				begin:
 000004FE  B9 0000000E			mov ecx, 14
 00000503				L1:
 00000503  C6 81 00000000 R			mov [playerHand + ecx], 0
	   00
 0000050A  E2 F7			loop L1
 0000050C  C6 05 00000000 R		mov playerHand, 0
	   00
 00000513  C7 05 0000000F R		mov sumOfPlayerHand, 0
	   00000000
 0000051D  C6 05 0000000E R		mov cardsInPlayerHand, 0
	   00
 00000524  C6 05 00000013 R		mov stayValue, 0
	   00
 0000052B  C7 05 00000014 R		mov playerBust, 0
	   00000000
 00000535  C7 05 00000018 R		mov player21, 0
	   00000000

 0000053F  B9 0000000D			mov ecx, 13
 00000544				L2:
 00000544  C6 81 00000036 R			mov [dealerHand+ecx], 0
	   00
 0000054B  E2 F7			loop L2
 0000054D  C6 05 00000036 R		mov dealerHand, 0
	   00
 00000554  C7 05 00000046 R		mov sumOfDealerHand, 0
	   00000000
 0000055E  C6 05 00000045 R		mov cardsInDealerHand, 0
	   00
 00000565  C7 05 0000004A R		mov dealerBust, 0
	   00000000
 0000056F  C7 05 0000004E R		mov dealer21, 0
	   00000000

 00000579  E8 00000000 E		call Randomize ;seed RNG for program
 0000057E  E8 FFFFFF2B			call dealing ;deal and display 2 cards to player and dealer "dummy card" for dealer displayed upside down
					
 00000583				playerRound:
 00000583  83 3D 00000018 R			cmp player21, 1
	   01
 0000058A  74 44				je Win
 0000058C  83 3D 0000004E R			cmp dealer21, 1
	   01
 00000593  74 47				je Lose
 00000595  E8 FFFFFF33				call getUserInput
 0000059A  80 3D 00000013 R			cmp stayValue, 1
	   01
 000005A1  74 0B				je dealerRound
 000005A3  83 3D 00000014 R			cmp playerBust, 1
	   01
 000005AA  74 30				je Lose
 000005AC  EB D5			jmp playerRound


 000005AE				dealerRound:
						;cmp dealer21, 1
						;je Lose
 000005AE  83 3D 0000004A R			cmp dealerBust, 1
	   01
 000005B5  74 19				je Win
 000005B7  A1 00000046 R			mov eax, sumOfDealerHand
 000005BC  3B 05 0000000F R			cmp eax, sumOfPlayerHand
 000005C2  74 24				je Tie
 000005C4  E8 FFFFFE71				call addCardDealer
 000005C9  E8 FFFFFC07				call displayDealerHand
 000005CE  EB DE				jmp dealerRound
						

 000005D0				Win:
 000005D0  BA 0000006D R			mov edx, OFFSET winMessage
 000005D5  E8 00000000 E			call WriteString
 000005DA  EB 16				jmp endL
 000005DC				Lose:
 000005DC  BA 00000078 R			mov edx, OFFSET loseMessage
 000005E1  E8 00000000 E			call WriteString
 000005E6  EB 0A				jmp endL
 000005E8				Tie:
 000005E8  BA 0000009D R			mov edx, OFFSET tieMessage
 000005ED  E8 00000000 E			call WriteString
 000005F2				endL:
 000005F2  BA 00000105 R			mov edx, OFFSET newGame ;display instructions for player
 000005F7  E8 00000000 E			call WriteString
 000005FC  BA 00000100 R			mov edx, OFFSET input ;load buffer parameter
 00000601  B9 00000005				mov ecx, SIZEOF input ;load max character parameter
 00000606  E8 00000000 E			call ReadString ; call Irvine procedure user input stored in 'input'
 0000060B  83 F8 03				cmp eax, 3
 0000060E  0F 84 FFFFFEEA			je begin
					exit
 00000614  6A 00	   *	    push   +000000000h
 00000616  E8 00000000 E   *	    call   ExitProcess
 0000061B			main endp
				end main
Microsoft (R) Macro Assembler Version 14.10.25019.0	    12/07/17 14:09:10
Main.asm						     Symbols 2 - 1




Structures and Unions:

                N a m e                  Size
                                         Offset      Type

CONSOLE_CURSOR_INFO  . . . . . .	 00000008
  dwSize . . . . . . . . . . . .	 00000000	 DWord
  bVisible . . . . . . . . . . .	 00000004	 DWord
CONSOLE_SCREEN_BUFFER_INFO . . .	 00000016
  dwSize . . . . . . . . . . . .	 00000000	 DWord
  dwCursorPosition . . . . . . .	 00000004	 DWord
  wAttributes  . . . . . . . . .	 00000008	 Word
  srWindow . . . . . . . . . . .	 0000000A	 QWord
  dwMaximumWindowSize  . . . . .	 00000012	 DWord
COORD  . . . . . . . . . . . . .	 00000004
  X  . . . . . . . . . . . . . .	 00000000	 Word
  Y  . . . . . . . . . . . . . .	 00000002	 Word
FILETIME . . . . . . . . . . . .	 00000008
  loDateTime . . . . . . . . . .	 00000000	 DWord
  hiDateTime . . . . . . . . . .	 00000004	 DWord
FOCUS_EVENT_RECORD . . . . . . .	 00000004
  bSetFocus  . . . . . . . . . .	 00000000	 DWord
FPU_ENVIRON  . . . . . . . . . .	 0000001C
  controlWord  . . . . . . . . .	 00000000	 Word
  statusWord . . . . . . . . . .	 00000004	 Word
  tagWord  . . . . . . . . . . .	 00000008	 Word
  instrPointerOffset . . . . . .	 0000000C	 DWord
  instrPointerSelector . . . . .	 00000010	 DWord
  operandPointerOffset . . . . .	 00000014	 DWord
  operandPointerSelector . . . .	 00000018	 Word
INPUT_RECORD . . . . . . . . . .	 00000014
  EventType  . . . . . . . . . .	 00000000	 Word
  Event  . . . . . . . . . . . .	 00000004	 XmmWord
  bKeyDown . . . . . . . . . . .	 00000000	 DWord
  wRepeatCount . . . . . . . . .	 00000004	 Word
  wVirtualKeyCode  . . . . . . .	 00000006	 Word
  wVirtualScanCode . . . . . . .	 00000008	 Word
  uChar  . . . . . . . . . . . .	 0000000A	 Word
  UnicodeChar  . . . . . . . . .	 00000000	 Word
  AsciiChar  . . . . . . . . . .	 00000000	 Byte
  dwControlKeyState  . . . . . .	 0000000C	 DWord
  dwMousePosition  . . . . . . .	 00000000	 DWord
  dwButtonState  . . . . . . . .	 00000004	 DWord
  dwMouseControlKeyState . . . .	 00000008	 DWord
  dwEventFlags . . . . . . . . .	 0000000C	 DWord
  dwSize . . . . . . . . . . . .	 00000000	 DWord
  dwCommandId  . . . . . . . . .	 00000000	 DWord
  bSetFocus  . . . . . . . . . .	 00000000	 DWord
KEY_EVENT_RECORD . . . . . . . .	 00000010
  bKeyDown . . . . . . . . . . .	 00000000	 DWord
  wRepeatCount . . . . . . . . .	 00000004	 Word
  wVirtualKeyCode  . . . . . . .	 00000006	 Word
  wVirtualScanCode . . . . . . .	 00000008	 Word
  uChar  . . . . . . . . . . . .	 0000000A	 Word
  UnicodeChar  . . . . . . . . .	 00000000	 Word
  AsciiChar  . . . . . . . . . .	 00000000	 Byte
  dwControlKeyState  . . . . . .	 0000000C	 DWord
MENU_EVENT_RECORD  . . . . . . .	 00000004
  dwCommandId  . . . . . . . . .	 00000000	 DWord
MOUSE_EVENT_RECORD . . . . . . .	 00000010
  dwMousePosition  . . . . . . .	 00000000	 DWord
  dwButtonState  . . . . . . . .	 00000004	 DWord
  dwMouseControlKeyState . . . .	 00000008	 DWord
  dwEventFlags . . . . . . . . .	 0000000C	 DWord
SMALL_RECT . . . . . . . . . . .	 00000008
  Left . . . . . . . . . . . . .	 00000000	 Word
  Top  . . . . . . . . . . . . .	 00000002	 Word
  Right  . . . . . . . . . . . .	 00000004	 Word
  Bottom . . . . . . . . . . . .	 00000006	 Word
SYSTEMTIME . . . . . . . . . . .	 00000010
  wYear  . . . . . . . . . . . .	 00000000	 Word
  wMonth . . . . . . . . . . . .	 00000002	 Word
  wDayOfWeek . . . . . . . . . .	 00000004	 Word
  wDay . . . . . . . . . . . . .	 00000006	 Word
  wHour  . . . . . . . . . . . .	 00000008	 Word
  wMinute  . . . . . . . . . . .	 0000000A	 Word
  wSecond  . . . . . . . . . . .	 0000000C	 Word
  wMilliseconds  . . . . . . . .	 0000000E	 Word
WINDOW_BUFFER_SIZE_RECORD  . . .	 00000004
  dwSize . . . . . . . . . . . .	 00000000	 DWord


Segments and Groups:

                N a m e                 Size     Length   Align   Combine Class

FLAT . . . . . . . . . . . . . .	GROUP
STACK  . . . . . . . . . . . . .	32 Bit	 00001000 Para	  Stack	  'STACK'	 
_DATA  . . . . . . . . . . . . .	32 Bit	 00000653 Para	  Public  'DATA'	
_TEXT  . . . . . . . . . . . . .	32 Bit	 0000061B Para	  Public  'CODE'	


Procedures, parameters, and locals:

                N a m e                 Type     Value    Attr

CloseFile  . . . . . . . . . . .	P Near	 00000000 FLAT	Length= 00000000 External STDCALL
CloseHandle  . . . . . . . . . .	P Near	 00000000 FLAT	Length= 00000000 External STDCALL
Clrscr . . . . . . . . . . . . .	P Near	 00000000 FLAT	Length= 00000000 External STDCALL
CreateFileA  . . . . . . . . . .	P Near	 00000000 FLAT	Length= 00000000 External STDCALL
CreateOutputFile . . . . . . . .	P Near	 00000000 FLAT	Length= 00000000 External STDCALL
Crlf . . . . . . . . . . . . . .	P Near	 00000000 FLAT	Length= 00000000 External STDCALL
Delay  . . . . . . . . . . . . .	P Near	 00000000 FLAT	Length= 00000000 External STDCALL
DumpMem  . . . . . . . . . . . .	P Near	 00000000 FLAT	Length= 00000000 External STDCALL
DumpRegs . . . . . . . . . . . .	P Near	 00000000 FLAT	Length= 00000000 External STDCALL
ExitProcess  . . . . . . . . . .	P Near	 00000000 FLAT	Length= 00000000 External STDCALL
FileTimeToDosDateTime  . . . . .	P Near	 00000000 FLAT	Length= 00000000 External STDCALL
FileTimeToSystemTime . . . . . .	P Near	 00000000 FLAT	Length= 00000000 External STDCALL
FlushConsoleInputBuffer  . . . .	P Near	 00000000 FLAT	Length= 00000000 External STDCALL
FormatMessageA . . . . . . . . .	P Near	 00000000 FLAT	Length= 00000000 External STDCALL
GetCommandLineA  . . . . . . . .	P Near	 00000000 FLAT	Length= 00000000 External STDCALL
GetCommandTail . . . . . . . . .	P Near	 00000000 FLAT	Length= 00000000 External STDCALL
GetConsoleCP . . . . . . . . . .	P Near	 00000000 FLAT	Length= 00000000 External STDCALL
GetConsoleCursorInfo . . . . . .	P Near	 00000000 FLAT	Length= 00000000 External STDCALL
GetConsoleMode . . . . . . . . .	P Near	 00000000 FLAT	Length= 00000000 External STDCALL
GetConsoleScreenBufferInfo . . .	P Near	 00000000 FLAT	Length= 00000000 External STDCALL
GetDateTime  . . . . . . . . . .	P Near	 00000000 FLAT	Length= 00000000 External STDCALL
GetFileTime  . . . . . . . . . .	P Near	 00000000 FLAT	Length= 00000000 External STDCALL
GetKeyState  . . . . . . . . . .	P Near	 00000000 FLAT	Length= 00000000 External STDCALL
GetLastError . . . . . . . . . .	P Near	 00000000 FLAT	Length= 00000000 External STDCALL
GetLocalTime . . . . . . . . . .	P Near	 00000000 FLAT	Length= 00000000 External STDCALL
GetMaxXY . . . . . . . . . . . .	P Near	 00000000 FLAT	Length= 00000000 External STDCALL
GetMseconds  . . . . . . . . . .	P Near	 00000000 FLAT	Length= 00000000 External STDCALL
GetNumberOfConsoleInputEvents  .	P Near	 00000000 FLAT	Length= 00000000 External STDCALL
GetProcessHeap . . . . . . . . .	P Near	 00000000 FLAT	Length= 00000000 External STDCALL
GetStdHandle . . . . . . . . . .	P Near	 00000000 FLAT	Length= 00000000 External STDCALL
GetSystemTime  . . . . . . . . .	P Near	 00000000 FLAT	Length= 00000000 External STDCALL
GetTextColor . . . . . . . . . .	P Near	 00000000 FLAT	Length= 00000000 External STDCALL
GetTickCount . . . . . . . . . .	P Near	 00000000 FLAT	Length= 00000000 External STDCALL
Gotoxy . . . . . . . . . . . . .	P Near	 00000000 FLAT	Length= 00000000 External STDCALL
HeapAlloc  . . . . . . . . . . .	P Near	 00000000 FLAT	Length= 00000000 External STDCALL
HeapCreate . . . . . . . . . . .	P Near	 00000000 FLAT	Length= 00000000 External STDCALL
HeapDestroy  . . . . . . . . . .	P Near	 00000000 FLAT	Length= 00000000 External STDCALL
HeapFree . . . . . . . . . . . .	P Near	 00000000 FLAT	Length= 00000000 External STDCALL
HeapSize . . . . . . . . . . . .	P Near	 00000000 FLAT	Length= 00000000 External STDCALL
IsDigit  . . . . . . . . . . . .	P Near	 00000000 FLAT	Length= 00000000 External STDCALL
LocalFree  . . . . . . . . . . .	P Near	 00000000 FLAT	Length= 00000000 External STDCALL
MessageBoxA  . . . . . . . . . .	P Near	 00000000 FLAT	Length= 00000000 External STDCALL
MsgBoxAsk  . . . . . . . . . . .	P Near	 00000000 FLAT	Length= 00000000 External STDCALL
MsgBox . . . . . . . . . . . . .	P Near	 00000000 FLAT	Length= 00000000 External STDCALL
OpenInputFile  . . . . . . . . .	P Near	 00000000 FLAT	Length= 00000000 External STDCALL
ParseDecimal32 . . . . . . . . .	P Near	 00000000 FLAT	Length= 00000000 External STDCALL
ParseInteger32 . . . . . . . . .	P Near	 00000000 FLAT	Length= 00000000 External STDCALL
PeekConsoleInputA  . . . . . . .	P Near	 00000000 FLAT	Length= 00000000 External STDCALL
Random32 . . . . . . . . . . . .	P Near	 00000000 FLAT	Length= 00000000 External STDCALL
RandomRange  . . . . . . . . . .	P Near	 00000000 FLAT	Length= 00000000 External STDCALL
Randomize  . . . . . . . . . . .	P Near	 00000000 FLAT	Length= 00000000 External STDCALL
ReadChar . . . . . . . . . . . .	P Near	 00000000 FLAT	Length= 00000000 External STDCALL
ReadConsoleA . . . . . . . . . .	P Near	 00000000 FLAT	Length= 00000000 External STDCALL
ReadConsoleInputA  . . . . . . .	P Near	 00000000 FLAT	Length= 00000000 External STDCALL
ReadDec  . . . . . . . . . . . .	P Near	 00000000 FLAT	Length= 00000000 External STDCALL
ReadFile . . . . . . . . . . . .	P Near	 00000000 FLAT	Length= 00000000 External STDCALL
ReadFloat  . . . . . . . . . . .	P Near	 00000000 FLAT	Length= 00000000 External STDCALL
ReadFromFile . . . . . . . . . .	P Near	 00000000 FLAT	Length= 00000000 External STDCALL
ReadHex  . . . . . . . . . . . .	P Near	 00000000 FLAT	Length= 00000000 External STDCALL
ReadInt  . . . . . . . . . . . .	P Near	 00000000 FLAT	Length= 00000000 External STDCALL
ReadKeyFlush . . . . . . . . . .	P Near	 00000000 FLAT	Length= 00000000 External STDCALL
ReadKey  . . . . . . . . . . . .	P Near	 00000000 FLAT	Length= 00000000 External STDCALL
ReadString . . . . . . . . . . .	P Near	 00000000 FLAT	Length= 00000000 External STDCALL
SetConsoleCursorInfo . . . . . .	P Near	 00000000 FLAT	Length= 00000000 External STDCALL
SetConsoleCursorPosition . . . .	P Near	 00000000 FLAT	Length= 00000000 External STDCALL
SetConsoleMode . . . . . . . . .	P Near	 00000000 FLAT	Length= 00000000 External STDCALL
SetConsoleScreenBufferSize . . .	P Near	 00000000 FLAT	Length= 00000000 External STDCALL
SetConsoleTextAttribute  . . . .	P Near	 00000000 FLAT	Length= 00000000 External STDCALL
SetConsoleTitleA . . . . . . . .	P Near	 00000000 FLAT	Length= 00000000 External STDCALL
SetConsoleWindowInfo . . . . . .	P Near	 00000000 FLAT	Length= 00000000 External STDCALL
SetFilePointer . . . . . . . . .	P Near	 00000000 FLAT	Length= 00000000 External STDCALL
SetLocalTime . . . . . . . . . .	P Near	 00000000 FLAT	Length= 00000000 External STDCALL
SetTextColor . . . . . . . . . .	P Near	 00000000 FLAT	Length= 00000000 External STDCALL
ShowFPUStack . . . . . . . . . .	P Near	 00000000 FLAT	Length= 00000000 External STDCALL
Sleep  . . . . . . . . . . . . .	P Near	 00000000 FLAT	Length= 00000000 External STDCALL
StrLength  . . . . . . . . . . .	P Near	 00000000 FLAT	Length= 00000000 External STDCALL
Str_compare  . . . . . . . . . .	P Near	 00000000 FLAT	Length= 00000000 External STDCALL
Str_copy . . . . . . . . . . . .	P Near	 00000000 FLAT	Length= 00000000 External STDCALL
Str_length . . . . . . . . . . .	P Near	 00000000 FLAT	Length= 00000000 External STDCALL
Str_trim . . . . . . . . . . . .	P Near	 00000000 FLAT	Length= 00000000 External STDCALL
Str_ucase  . . . . . . . . . . .	P Near	 00000000 FLAT	Length= 00000000 External STDCALL
SystemTimeToFileTime . . . . . .	P Near	 00000000 FLAT	Length= 00000000 External STDCALL
WaitMsg  . . . . . . . . . . . .	P Near	 00000000 FLAT	Length= 00000000 External STDCALL
WriteBinB  . . . . . . . . . . .	P Near	 00000000 FLAT	Length= 00000000 External STDCALL
WriteBin . . . . . . . . . . . .	P Near	 00000000 FLAT	Length= 00000000 External STDCALL
WriteChar  . . . . . . . . . . .	P Near	 00000000 FLAT	Length= 00000000 External STDCALL
WriteConsoleA  . . . . . . . . .	P Near	 00000000 FLAT	Length= 00000000 External STDCALL
WriteConsoleOutputAttribute  . .	P Near	 00000000 FLAT	Length= 00000000 External STDCALL
WriteConsoleOutputCharacterA . .	P Near	 00000000 FLAT	Length= 00000000 External STDCALL
WriteDec . . . . . . . . . . . .	P Near	 00000000 FLAT	Length= 00000000 External STDCALL
WriteFile  . . . . . . . . . . .	P Near	 00000000 FLAT	Length= 00000000 External STDCALL
WriteFloat . . . . . . . . . . .	P Near	 00000000 FLAT	Length= 00000000 External STDCALL
WriteHexB  . . . . . . . . . . .	P Near	 00000000 FLAT	Length= 00000000 External STDCALL
WriteHex . . . . . . . . . . . .	P Near	 00000000 FLAT	Length= 00000000 External STDCALL
WriteInt . . . . . . . . . . . .	P Near	 00000000 FLAT	Length= 00000000 External STDCALL
WriteStackFrameName  . . . . . .	P Near	 00000000 FLAT	Length= 00000000 External STDCALL
WriteStackFrame  . . . . . . . .	P Near	 00000000 FLAT	Length= 00000000 External STDCALL
WriteString  . . . . . . . . . .	P Near	 00000000 FLAT	Length= 00000000 External STDCALL
WriteToFile  . . . . . . . . . .	P Near	 00000000 FLAT	Length= 00000000 External STDCALL
WriteWindowsMsg  . . . . . . . .	P Near	 00000000 FLAT	Length= 00000000 External STDCALL
addCardDealer  . . . . . . . . .	P Near	 0000043A _TEXT	Length= 00000074 Public STDCALL
  faceCard . . . . . . . . . . .	L Near	 00000479 _TEXT	
  checkBust  . . . . . . . . . .	L Near	 0000048A _TEXT	
addCardPlayer  . . . . . . . . .	P Near	 000003D0 _TEXT	Length= 0000006A Public STDCALL
  faceCard . . . . . . . . . . .	L Near	 00000405 _TEXT	
  checkBust  . . . . . . . . . .	L Near	 00000416 _TEXT	
dealing  . . . . . . . . . . . .	P Near	 000004AE _TEXT	Length= 0000001F Public STDCALL
displayDealerHand  . . . . . . .	P Near	 000001D5 _TEXT	Length= 000001FB Public STDCALL
  L1 . . . . . . . . . . . . . .	L Near	 000001F4 _TEXT	
  emptyCard  . . . . . . . . . .	L Near	 0000026A _TEXT	
  backCard . . . . . . . . . . .	L Near	 00000276 _TEXT	
  cardTwo  . . . . . . . . . . .	L Near	 00000290 _TEXT	
  cardThree  . . . . . . . . . .	L Near	 000002AA _TEXT	
  cardFour . . . . . . . . . . .	L Near	 000002C4 _TEXT	
  cardFive . . . . . . . . . . .	L Near	 000002DE _TEXT	
  cardSix  . . . . . . . . . . .	L Near	 000002F8 _TEXT	
  cardSeven  . . . . . . . . . .	L Near	 00000312 _TEXT	
  cardEight  . . . . . . . . . .	L Near	 0000032C _TEXT	
  cardNine . . . . . . . . . . .	L Near	 00000346 _TEXT	
  cardTen  . . . . . . . . . . .	L Near	 0000035C _TEXT	
  cardJack . . . . . . . . . . .	L Near	 00000372 _TEXT	
  cardQueen  . . . . . . . . . .	L Near	 00000388 _TEXT	
  cardKing . . . . . . . . . . .	L Near	 0000039E _TEXT	
  cardAce  . . . . . . . . . . .	L Near	 000003B4 _TEXT	
  Return . . . . . . . . . . . .	L Near	 000003CA _TEXT	
displayPlayerHand  . . . . . . .	P Near	 00000000 _TEXT	Length= 000001D5 Public STDCALL
  L1 . . . . . . . . . . . . . .	L Near	 0000001F _TEXT	
  emptyCard  . . . . . . . . . .	L Near	 00000089 _TEXT	
  cardTwo  . . . . . . . . . . .	L Near	 00000095 _TEXT	
  cardThree  . . . . . . . . . .	L Near	 000000AF _TEXT	
  cardFour . . . . . . . . . . .	L Near	 000000C9 _TEXT	
  cardFive . . . . . . . . . . .	L Near	 000000E3 _TEXT	
  cardSix  . . . . . . . . . . .	L Near	 000000FD _TEXT	
  cardSeven  . . . . . . . . . .	L Near	 00000117 _TEXT	
  cardEight  . . . . . . . . . .	L Near	 00000131 _TEXT	
  cardNine . . . . . . . . . . .	L Near	 0000014B _TEXT	
  cardTen  . . . . . . . . . . .	L Near	 00000161 _TEXT	
  cardJack . . . . . . . . . . .	L Near	 00000177 _TEXT	
  cardQueen  . . . . . . . . . .	L Near	 0000018D _TEXT	
  cardKing . . . . . . . . . . .	L Near	 000001A3 _TEXT	
  cardAce  . . . . . . . . . . .	L Near	 000001B9 _TEXT	
  Return . . . . . . . . . . . .	L Near	 000001CF _TEXT	
getUserInput . . . . . . . . . .	P Near	 000004CD _TEXT	Length= 00000031 Public STDCALL
  hit  . . . . . . . . . . . . .	L Near	 000004F3 _TEXT	
main . . . . . . . . . . . . . .	P Near	 000004FE _TEXT	Length= 0000011D Public STDCALL
  begin  . . . . . . . . . . . .	L Near	 000004FE _TEXT	
  L1 . . . . . . . . . . . . . .	L Near	 00000503 _TEXT	
  L2 . . . . . . . . . . . . . .	L Near	 00000544 _TEXT	
  playerRound  . . . . . . . . .	L Near	 00000583 _TEXT	
  dealerRound  . . . . . . . . .	L Near	 000005AE _TEXT	
  Win  . . . . . . . . . . . . .	L Near	 000005D0 _TEXT	
  Lose . . . . . . . . . . . . .	L Near	 000005DC _TEXT	
  Tie  . . . . . . . . . . . . .	L Near	 000005E8 _TEXT	
  endL . . . . . . . . . . . . .	L Near	 000005F2 _TEXT	
printf . . . . . . . . . . . . .	P Near	 00000000 FLAT	Length= 00000000 External C
scanf  . . . . . . . . . . . . .	P Near	 00000000 FLAT	Length= 00000000 External C
wsprintfA  . . . . . . . . . . .	P Near	 00000000 FLAT	Length= 00000000 External C


Symbols:

                N a m e                 Type     Value    Attr

@CodeSize  . . . . . . . . . . .	Number	 00000000h   
@DataSize  . . . . . . . . . . .	Number	 00000000h   
@Interface . . . . . . . . . . .	Number	 00000003h   
@Model . . . . . . . . . . . . .	Number	 00000007h   
@code  . . . . . . . . . . . . .	Text   	 _TEXT
@data  . . . . . . . . . . . . .	Text   	 FLAT
@fardata?  . . . . . . . . . . .	Text   	 FLAT
@fardata . . . . . . . . . . . .	Text   	 FLAT
@stack . . . . . . . . . . . . .	Text   	 FLAT
ALT_MASK . . . . . . . . . . . .	Number	 00000003h   
Ace  . . . . . . . . . . . . . .	Byte	 000001A7 _DATA	
Back . . . . . . . . . . . . . .	Byte	 0000014B _DATA	
CAPSLOCK_ON  . . . . . . . . . .	Number	 00000080h   
CREATE_ALWAYS  . . . . . . . . .	Number	 00000002h   
CREATE_NEW . . . . . . . . . . .	Number	 00000001h   
CTRL_MASK  . . . . . . . . . . .	Number	 0000000Ch   
CreateFile . . . . . . . . . . .	Text   	 CreateFileA
DO_NOT_SHARE . . . . . . . . . .	Number	 00000000h   
ENABLE_ECHO_INPUT  . . . . . . .	Number	 00000004h   
ENABLE_LINE_INPUT  . . . . . . .	Number	 00000002h   
ENABLE_MOUSE_INPUT . . . . . . .	Number	 00000010h   
ENABLE_PROCESSED_INPUT . . . . .	Number	 00000001h   
ENABLE_PROCESSED_OUTPUT  . . . .	Number	 00000001h   
ENABLE_WINDOW_INPUT  . . . . . .	Number	 00000008h   
ENABLE_WRAP_AT_EOL_OUTPUT  . . .	Number	 00000002h   
ENHANCED_KEY . . . . . . . . . .	Number	 00000100h   
Eight  . . . . . . . . . . . . .	Byte	 0000042B _DATA	
FALSE  . . . . . . . . . . . . .	Number	 00000000h   
FILE_APPEND_DATA . . . . . . . .	Number	 00000004h   
FILE_ATTRIBUTE_ARCHIVE . . . . .	Number	 00000020h   
FILE_ATTRIBUTE_COMPRESSED  . . .	Number	 00000800h   
FILE_ATTRIBUTE_DEVICE  . . . . .	Number	 00000040h   
FILE_ATTRIBUTE_DIRECTORY . . . .	Number	 00000010h   
FILE_ATTRIBUTE_ENCRYPTED . . . .	Number	 00004000h   
FILE_ATTRIBUTE_HIDDEN  . . . . .	Number	 00000002h   
FILE_ATTRIBUTE_NORMAL  . . . . .	Number	 00000080h   
FILE_ATTRIBUTE_NOT_CONTENT_INDEXED .	Number	 00002000h   
FILE_ATTRIBUTE_OFFLINE . . . . .	Number	 00001000h   
FILE_ATTRIBUTE_READONLY  . . . .	Number	 00000001h   
FILE_ATTRIBUTE_REPARSE_POINT . .	Number	 00000400h   
FILE_ATTRIBUTE_SPARSE_FILE . . .	Number	 00000200h   
FILE_ATTRIBUTE_SYSTEM  . . . . .	Number	 00000004h   
FILE_ATTRIBUTE_TEMPORARY . . . .	Number	 00000100h   
FILE_BEGIN . . . . . . . . . . .	Number	 00000000h   
FILE_CURRENT . . . . . . . . . .	Number	 00000001h   
FILE_DELETE_CHILD  . . . . . . .	Number	 00000040h   
FILE_END . . . . . . . . . . . .	Number	 00000002h   
FILE_READ_DATA . . . . . . . . .	Number	 00000001h   
FILE_SHARE_DELETE  . . . . . . .	Number	 00000004h   
FILE_SHARE_READ  . . . . . . . .	Number	 00000001h   
FILE_SHARE_WRITE . . . . . . . .	Number	 00000002h   
FILE_WRITE_DATA  . . . . . . . .	Number	 00000002h   
FOCUS_EVENT  . . . . . . . . . .	Number	 00000010h   
FORMAT_MESSAGE_ALLOCATE_BUFFER .	Number	 00000100h   
FORMAT_MESSAGE_FROM_SYSTEM . . .	Number	 00001000h   
Five . . . . . . . . . . . . . .	Byte	 00000317 _DATA	
FormatMessage  . . . . . . . . .	Text   	 FormatMessageA
Four . . . . . . . . . . . . . .	Byte	 000002BB _DATA	
GENERIC_ALL  . . . . . . . . . .	Number	 10000000h   
GENERIC_EXECUTE  . . . . . . . .	Number	 20000000h   
GENERIC_READ . . . . . . . . . .	Number	 -80000000h   
GENERIC_WRITE  . . . . . . . . .	Number	 40000000h   
GetCommandLine . . . . . . . . .	Text   	 GetCommandLineA
HANDLE . . . . . . . . . . . . .	Text   	 DWORD
HEAP_GENERATE_EXCEPTIONS . . . .	Number	 00000004h   
HEAP_GROWABLE  . . . . . . . . .	Number	 00000002h   
HEAP_NO_SERIALIZE  . . . . . . .	Number	 00000001h   
HEAP_REALLOC_IN_PLACE_ONLY . . .	Number	 00000010h   
HEAP_ZERO_MEMORY . . . . . . . .	Number	 00000008h   
IDABORT  . . . . . . . . . . . .	Number	 00000003h   
IDCANCEL . . . . . . . . . . . .	Number	 00000002h   
IDCLOSE  . . . . . . . . . . . .	Number	 00000008h   
IDCONTINUE . . . . . . . . . . .	Number	 0000000Bh   
IDHELP . . . . . . . . . . . . .	Number	 00000009h   
IDIGNORE . . . . . . . . . . . .	Number	 00000005h   
IDNO . . . . . . . . . . . . . .	Number	 00000007h   
IDOK . . . . . . . . . . . . . .	Number	 00000001h   
IDRETRY  . . . . . . . . . . . .	Number	 00000004h   
IDTIMEOUT  . . . . . . . . . . .	Number	 00007D00h   
IDTRYAGAIN . . . . . . . . . . .	Number	 0000000Ah   
IDYES  . . . . . . . . . . . . .	Number	 00000006h   
INVALID_HANDLE_VALUE . . . . . .	Number	 -00000001h   
Jack . . . . . . . . . . . . . .	Byte	 0000053F _DATA	
KBDOWN_FLAG  . . . . . . . . . .	Number	 00000001h   
KEY_EVENT  . . . . . . . . . . .	Number	 00000001h   
KEY_MASKS  . . . . . . . . . . .	Number	 0000001Fh   
King . . . . . . . . . . . . . .	Byte	 000005F7 _DATA	
LEFT_ALT_PRESSED . . . . . . . .	Number	 00000002h   
LEFT_CTRL_PRESSED  . . . . . . .	Number	 00000008h   
MB_ABORTRETRYIGNORE  . . . . . .	Number	 00000002h   
MB_APPLMODAL . . . . . . . . . .	Number	 00000000h   
MB_CANCELTRYCONTINUE . . . . . .	Number	 00000006h   
MB_DEFBUTTON1  . . . . . . . . .	Number	 00000000h   
MB_DEFBUTTON2  . . . . . . . . .	Number	 00000100h   
MB_DEFBUTTON3  . . . . . . . . .	Number	 00000200h   
MB_DEFBUTTON4  . . . . . . . . .	Number	 00000300h   
MB_HELP  . . . . . . . . . . . .	Number	 00004000h   
MB_ICONASTERISK  . . . . . . . .	Number	 00000040h   
MB_ICONERROR . . . . . . . . . .	Number	 00000010h   
MB_ICONEXCLAMATION . . . . . . .	Number	 00000030h   
MB_ICONHAND  . . . . . . . . . .	Number	 00000010h   
MB_ICONINFORMATION . . . . . . .	Number	 00000040h   
MB_ICONQUESTION  . . . . . . . .	Number	 00000020h   
MB_ICONSTOP  . . . . . . . . . .	Number	 00000010h   
MB_ICONWARNING . . . . . . . . .	Number	 00000030h   
MB_OKCANCEL  . . . . . . . . . .	Number	 00000001h   
MB_OK  . . . . . . . . . . . . .	Number	 00000000h   
MB_RETRYCANCEL . . . . . . . . .	Number	 00000005h   
MB_SYSTEMMODAL . . . . . . . . .	Number	 00001000h   
MB_TASKMODAL . . . . . . . . . .	Number	 00002000h   
MB_USERICON  . . . . . . . . . .	Number	 00000080h   
MB_YESNOCANCEL . . . . . . . . .	Number	 00000003h   
MB_YESNO . . . . . . . . . . . .	Number	 00000004h   
MENU_EVENT . . . . . . . . . . .	Number	 00000008h   
MOUSE_EVENT  . . . . . . . . . .	Number	 00000002h   
MessageBox . . . . . . . . . . .	Text   	 MessageBoxA
NULL . . . . . . . . . . . . . .	Number	 00000000h   
NUMLOCK_ON . . . . . . . . . . .	Number	 00000020h   
Nine . . . . . . . . . . . . . .	Byte	 00000487 _DATA	
OPEN_ALWAYS  . . . . . . . . . .	Number	 00000004h   
OPEN_EXISTING  . . . . . . . . .	Number	 00000003h   
PeekConsoleInput . . . . . . . .	Text   	 PeekConsoleInputA
Queen  . . . . . . . . . . . . .	Byte	 0000059B _DATA	
RIGHT_ALT_PRESSED  . . . . . . .	Number	 00000001h   
RIGHT_CTRL_PRESSED . . . . . . .	Number	 00000004h   
ReadConsoleInput . . . . . . . .	Text   	 ReadConsoleInputA
ReadConsole  . . . . . . . . . .	Text   	 ReadConsoleA
SCROLLLOCK_ON  . . . . . . . . .	Number	 00000040h   
SHIFT_MASK . . . . . . . . . . .	Number	 00000010h   
SHIFT_PRESSED  . . . . . . . . .	Number	 00000010h   
STD_ERROR_HANDLE . . . . . . . .	Number	 -0000000Ch   
STD_INPUT_HANDLE . . . . . . . .	Number	 -0000000Ah   
STD_OUTPUT_HANDLE  . . . . . . .	Number	 -0000000Bh   
SetConsoleTitle  . . . . . . . .	Text   	 SetConsoleTitleA
Seven  . . . . . . . . . . . . .	Byte	 000003CF _DATA	
Six  . . . . . . . . . . . . . .	Byte	 00000373 _DATA	
TAB  . . . . . . . . . . . . . .	Number	 00000009h   
TRUE . . . . . . . . . . . . . .	Number	 00000001h   
TRUNCATE_EXISTING  . . . . . . .	Number	 00000005h   
Ten  . . . . . . . . . . . . . .	Byte	 000004E3 _DATA	
Three  . . . . . . . . . . . . .	Byte	 0000025F _DATA	
Two  . . . . . . . . . . . . . .	Byte	 00000203 _DATA	
VK_11  . . . . . . . . . . . . .	Number	 000000BDh   
VK_12  . . . . . . . . . . . . .	Number	 000000BBh   
VK_ADD . . . . . . . . . . . . .	Number	 0000006Bh   
VK_BACK  . . . . . . . . . . . .	Number	 00000008h   
VK_CANCEL  . . . . . . . . . . .	Number	 00000003h   
VK_CAPITAL . . . . . . . . . . .	Number	 00000014h   
VK_CLEAR . . . . . . . . . . . .	Number	 0000000Ch   
VK_CONTROL . . . . . . . . . . .	Number	 00000011h   
VK_DECIMAL . . . . . . . . . . .	Number	 0000006Eh   
VK_DELETE  . . . . . . . . . . .	Number	 0000002Eh   
VK_DIVIDE  . . . . . . . . . . .	Number	 0000006Fh   
VK_DOWN  . . . . . . . . . . . .	Number	 00000028h   
VK_END . . . . . . . . . . . . .	Number	 00000023h   
VK_ESCAPE  . . . . . . . . . . .	Number	 0000001Bh   
VK_EXECUTE . . . . . . . . . . .	Number	 0000002Bh   
VK_F10 . . . . . . . . . . . . .	Number	 00000079h   
VK_F11 . . . . . . . . . . . . .	Number	 0000007Ah   
VK_F12 . . . . . . . . . . . . .	Number	 0000007Bh   
VK_F13 . . . . . . . . . . . . .	Number	 0000007Ch   
VK_F14 . . . . . . . . . . . . .	Number	 0000007Dh   
VK_F15 . . . . . . . . . . . . .	Number	 0000007Eh   
VK_F16 . . . . . . . . . . . . .	Number	 0000007Fh   
VK_F17 . . . . . . . . . . . . .	Number	 00000080h   
VK_F18 . . . . . . . . . . . . .	Number	 00000081h   
VK_F19 . . . . . . . . . . . . .	Number	 00000082h   
VK_F1  . . . . . . . . . . . . .	Number	 00000070h   
VK_F20 . . . . . . . . . . . . .	Number	 00000083h   
VK_F21 . . . . . . . . . . . . .	Number	 00000084h   
VK_F22 . . . . . . . . . . . . .	Number	 00000085h   
VK_F23 . . . . . . . . . . . . .	Number	 00000086h   
VK_F24 . . . . . . . . . . . . .	Number	 00000087h   
VK_F2  . . . . . . . . . . . . .	Number	 00000071h   
VK_F3  . . . . . . . . . . . . .	Number	 00000072h   
VK_F4  . . . . . . . . . . . . .	Number	 00000073h   
VK_F5  . . . . . . . . . . . . .	Number	 00000074h   
VK_F6  . . . . . . . . . . . . .	Number	 00000075h   
VK_F7  . . . . . . . . . . . . .	Number	 00000076h   
VK_F8  . . . . . . . . . . . . .	Number	 00000077h   
VK_F9  . . . . . . . . . . . . .	Number	 00000078h   
VK_HELP  . . . . . . . . . . . .	Number	 0000002Fh   
VK_HOME  . . . . . . . . . . . .	Number	 00000024h   
VK_INSERT  . . . . . . . . . . .	Number	 0000002Dh   
VK_LBUTTON . . . . . . . . . . .	Number	 00000001h   
VK_LCONTROL  . . . . . . . . . .	Number	 000000A2h   
VK_LEFT  . . . . . . . . . . . .	Number	 00000025h   
VK_LMENU . . . . . . . . . . . .	Number	 000000A4h   
VK_LSHIFT  . . . . . . . . . . .	Number	 000000A0h   
VK_MENU  . . . . . . . . . . . .	Number	 00000012h   
VK_MULTIPLY  . . . . . . . . . .	Number	 0000006Ah   
VK_NEXT  . . . . . . . . . . . .	Number	 00000022h   
VK_NUMLOCK . . . . . . . . . . .	Number	 00000090h   
VK_NUMPAD0 . . . . . . . . . . .	Number	 00000060h   
VK_NUMPAD1 . . . . . . . . . . .	Number	 00000061h   
VK_NUMPAD2 . . . . . . . . . . .	Number	 00000062h   
VK_NUMPAD3 . . . . . . . . . . .	Number	 00000063h   
VK_NUMPAD4 . . . . . . . . . . .	Number	 00000064h   
VK_NUMPAD5 . . . . . . . . . . .	Number	 00000065h   
VK_NUMPAD6 . . . . . . . . . . .	Number	 00000066h   
VK_NUMPAD7 . . . . . . . . . . .	Number	 00000067h   
VK_NUMPAD8 . . . . . . . . . . .	Number	 00000068h   
VK_NUMPAD9 . . . . . . . . . . .	Number	 00000069h   
VK_PAUSE . . . . . . . . . . . .	Number	 00000013h   
VK_PRINT . . . . . . . . . . . .	Number	 0000002Ah   
VK_PRIOR . . . . . . . . . . . .	Number	 00000021h   
VK_RBUTTON . . . . . . . . . . .	Number	 00000002h   
VK_RCONTROL  . . . . . . . . . .	Number	 000000A3h   
VK_RETURN  . . . . . . . . . . .	Number	 0000000Dh   
VK_RIGHT . . . . . . . . . . . .	Number	 00000027h   
VK_RMENU . . . . . . . . . . . .	Number	 000000A5h   
VK_RSHIFT  . . . . . . . . . . .	Number	 000000A1h   
VK_SCROLL  . . . . . . . . . . .	Number	 00000091h   
VK_SEPARATER . . . . . . . . . .	Number	 0000006Ch   
VK_SHIFT . . . . . . . . . . . .	Number	 00000010h   
VK_SNAPSHOT  . . . . . . . . . .	Number	 0000002Ch   
VK_SPACE . . . . . . . . . . . .	Number	 00000020h   
VK_SUBTRACT  . . . . . . . . . .	Number	 0000006Dh   
VK_TAB . . . . . . . . . . . . .	Number	 00000009h   
VK_UP  . . . . . . . . . . . . .	Number	 00000026h   
WINDOW_BUFFER_SIZE_EVENT . . . .	Number	 00000004h   
WriteConsoleOutputCharacter  . .	Text   	 WriteConsoleOutputCharacterA
WriteConsole . . . . . . . . . .	Text   	 WriteConsoleA
black  . . . . . . . . . . . . .	Number	 00000000h   
blue . . . . . . . . . . . . . .	Number	 00000001h   
brown  . . . . . . . . . . . . .	Number	 00000006h   
cardsInDealerHand  . . . . . . .	Byte	 00000045 _DATA	
cardsInPlayerHand  . . . . . . .	Byte	 0000000E _DATA	
cyan . . . . . . . . . . . . . .	Number	 00000003h   
dealer21 . . . . . . . . . . . .	DWord	 0000004E _DATA	
dealerBust . . . . . . . . . . .	DWord	 0000004A _DATA	
dealerHandIndicator  . . . . . .	Byte	 00000052 _DATA	
dealerHand . . . . . . . . . . .	Byte	 00000036 _DATA	
exit . . . . . . . . . . . . . .	Text   	 INVOKE ExitProcess,0
gray . . . . . . . . . . . . . .	Number	 00000008h   
green  . . . . . . . . . . . . .	Number	 00000002h   
input  . . . . . . . . . . . . .	Byte	 00000100 _DATA	
lightBlue  . . . . . . . . . . .	Number	 00000009h   
lightCyan  . . . . . . . . . . .	Number	 0000000Bh   
lightGray  . . . . . . . . . . .	Number	 00000007h   
lightGreen . . . . . . . . . . .	Number	 0000000Ah   
lightMagenta . . . . . . . . . .	Number	 0000000Dh   
lightRed . . . . . . . . . . . .	Number	 0000000Ch   
loseMessage  . . . . . . . . . .	Byte	 00000078 _DATA	
magenta  . . . . . . . . . . . .	Number	 00000005h   
newGame  . . . . . . . . . . . .	Byte	 00000105 _DATA	
player21 . . . . . . . . . . . .	DWord	 00000018 _DATA	
playerBust . . . . . . . . . . .	DWord	 00000014 _DATA	
playerHandIndicator  . . . . . .	Byte	 0000001C _DATA	
playerHand . . . . . . . . . . .	Byte	 00000000 _DATA	
red  . . . . . . . . . . . . . .	Number	 00000004h   
stayValue  . . . . . . . . . . .	Byte	 00000013 _DATA	
sumOfDealerHand  . . . . . . . .	DWord	 00000046 _DATA	
sumOfPlayerHand  . . . . . . . .	DWord	 0000000F _DATA	
tieMessage . . . . . . . . . . .	Byte	 0000009D _DATA	
whatToDo . . . . . . . . . . . .	Byte	 000000AF _DATA	
white  . . . . . . . . . . . . .	Number	 0000000Fh   
winMessage . . . . . . . . . . .	Byte	 0000006D _DATA	
wsprintf . . . . . . . . . . . .	Text   	 wsprintfA
yellow . . . . . . . . . . . . .	Number	 0000000Eh   

	   0 Warnings
	   0 Errors
